ASxxxx Linker V03.00 + NoICE + sdld,  page 1.
Hexadecimal  [32-Bits]

Area                                    Addr        Size        Decimal Bytes (Attributes)
--------------------------------        ----        ----        ------- ----- ------------
.  .ABS.                            00000000    00000000 =           0. bytes (ABS,CON)

      Value  Global                              Global Defined In Module
      -----  --------------------------------   ------------------------
     00000000  .__.ABS.                           
     00000000  l__CABS                         
     00000000  l__DABS                         
     00000000  l__GSFINAL                      
     00000000  l__HOME                         
     00000000  s__CABS                         
     00000000  s__DABS                         
     0000001E  l__INITIALIZED                  
     0000001E  l__INITIALIZER                  
     0000002E  l__DATA                         
     00000037  l__GSINIT                       
     00000D7D  l__CODE                         
     00004E20  s__CODE                         
     00005B9D  s__DATA                         
     00005BCB  s__INITIALIZED                  
     00005BE9  s__GSINIT                       
     00005BE9  s__HOME                         
     00005C20  s__GSFINAL                      
     00005C20  s__INITIALIZER                  
     00005F4A  UMAP                               ciclo
     0000607F  PRINTAT                            ciclo
     000062BC  PRINTSPALL                         ciclo
     0000646C  _3D                                ciclo
     000064A8  MAP2SP                             ciclo
     000065E5  ROUTEALL                           ciclo
     00006606  ROUTESP                            ciclo
     00006871  SETLIMITS                          ciclo
     00006932  PEEK                               ciclo
     00006945  POKE                               ciclo
     00006C71  LOCATESP                           ciclo
     00006C94  PRINTSP                            ciclo
     00006F55  MUSIC                              ciclo
     00006FC9  ANIMA                              ciclo
     00007059  LAYOUT                             ciclo
     000070F8  SETUPSP                            ciclo
     0000717B  AUTO                               ciclo
     000071C9  AUTOALL                            ciclo
     000071F8  COLAY                              ciclo
     000073A3  COLSP                              ciclo
     00007433  STARS                              ciclo
     00007535  MOVER                              ciclo
     000075A8  COLSPALL                           ciclo
     00007627  RINK                               ciclo
     000076E7  MOVERALL                           ciclo
     0000770D  ANIMALL                            ciclo
ASxxxx Linker V03.00 + NoICE + sdld,  page 2.
Hexadecimal  [32-Bits]

Area                                    Addr        Size        Decimal Bytes (Attributes)
--------------------------------        ----        ----        ------- ----- ------------
_CODE                               00004E20    00000D7D =        3453. bytes (REL,CON)

      Value  Global                              Global Defined In Module
      -----  --------------------------------   ------------------------
     00004E20  _comandos_8BP_V39                  ciclo
     00004E21  __8BP_3D_inv3                      ciclo
     00004E2D  __8BP_3D_3                         ciclo
     00004E49  __8BP_3D_1                         ciclo
     00004E55  __8BP_anima_1                      ciclo
     00004E61  __8BP_animall                      ciclo
     00004E67  __8BP_auto_1                       ciclo
     00004E73  __8BP_autoall_1                    ciclo
     00004E7F  __8BP_autoall                      ciclo
     00004E85  __8BP_colay_inv3                   ciclo
     00004E91  __8BP_colay                        ciclo
     00004E97  __8BP_colay_inv2                   ciclo
     00004EA3  __8BP_colay_2                      ciclo
     00004EB6  __8BP_colay_1                      ciclo
     00004EC2  __8BP_colay_3                      ciclo
     00004EDE  __8BP_colsp_inv3                   ciclo
     00004EEA  __8BP_colsp_inv2                   ciclo
     00004EF6  __8BP_colsp_3                      ciclo
     00004F12  __8BP_colsp_2                      ciclo
     00004F25  __8BP_colsp_1                      ciclo
     00004F31  __8BP_colspall_inv2                ciclo
     00004F3D  __8BP_colspall                     ciclo
     00004F43  __8BP_colspall_1                   ciclo
     00004F56  __8BP_colspall_2                   ciclo
     00004F69  __8BP_locatesp_inv3                ciclo
     00004F75  __8BP_locatesp_3                   ciclo
     00004F93  __8BP_music_inv4                   ciclo
     00004F9F  __8BP_music_4                      ciclo
     00004FC4  __8BP_music                        ciclo
     00004FCA  _getDescriptor                     ciclo
     00004FED  __8BP_printat_inv                  ciclo
     00004FF9  __8BP_printat_4                    ciclo
     00005051  __8BP_printsp_inv3                 ciclo
     0000505D  __8BP_printsp_inv2                 ciclo
     00005069  __8BP_printsp_3                    ciclo
     00005085  __8BP_printsp_2                    ciclo
     00005098  __8BP_printsp_1                    ciclo
     000050A4  __8BP_printspall_inv4              ciclo
     000050B0  __8BP_printspall_4                 ciclo
     000050D5  __8BP_printspall_1                 ciclo
     000050E1  __8BP_printspall                   ciclo
     000050E7  __8BP_routeall                     ciclo
     000050ED  __8BP_routesp_inv2                 ciclo
     000050F9  __8BP_routesp_2                    ciclo
     0000510C  __8BP_routesp_1                    ciclo
     00005118  __8BP_setlimits_inv4               ciclo
     00005124  __8BP_setlimits_4                  ciclo
     00005149  __8BP_setupsp_inv3                 ciclo
     00005155  __8BP_setupsp_inv4                 ciclo
     00005161  __8BP_setupsp_3                    ciclo
ASxxxx Linker V03.00 + NoICE + sdld,  page 3.
Hexadecimal  [32-Bits]

Area                                    Addr        Size        Decimal Bytes (Attributes)
--------------------------------        ----        ----        ------- ----- ------------
_CODE                               00004E20    00000D7D =        3453. bytes (REL,CON)

      Value  Global                              Global Defined In Module
      -----  --------------------------------   ------------------------
     0000517D  __8BP_setupsp_4                    ciclo
     000051A2  __8BP_stars_inv5                   ciclo
     000051AE  __8BP_stars_5                      ciclo
     000051DC  __8BP_stars                        ciclo
     000051E2  __8BP_layout_inv3                  ciclo
     000051EE  __8BP_layout_3                     ciclo
     0000523D  __8BP_map2sp_inv2                  ciclo
     00005249  __8BP_map2sp_2                     ciclo
     0000525C  __8BP_map2sp_1                     ciclo
     00005268  __8BP_mover_inv3                   ciclo
     00005274  __8BP_mover_3                      ciclo
     00005290  __8BP_mover_1                      ciclo
     0000529C  __8BP_moverall_inv2                ciclo
     000052A8  __8BP_moverall_2                   ciclo
     000052BB  __8BP_moverall                     ciclo
     000052C1  __8BP_peek_2                       ciclo
     000052DA  __8BP_poke_2                       ciclo
     000052EE  __8BP_rink_1                       ciclo
     000052FA  __8BP_rink_N                       ciclo
     0000535C  __8BP_umap_inv6                    ciclo
     00005368  __8BP_umap_6                       ciclo
     0000539E  __basic_time                       ciclo
     000053A6  __basic_rnd                        ciclo
     000053C0  __basic_border                     ciclo
     000053CF  _DisplayChar                       ciclo
     000053D8  __basic_print                      ciclo
     000053EA  __basic_inkey                      ciclo
     00005400  _reverse                           ciclo
     0000548F  __basic_str                        ciclo
     00005516  __basic_call                       ciclo
     00005529  __basic_locate                     ciclo
     00005539  __basic_sound                      ciclo
     00005576  __basic_ink                        ciclo
     00005587  __basic_peek                       ciclo
     00005599  __basic_poke                       ciclo
     000055AB  __basic_pen_txt                    ciclo
     000055B8  __basic_pen_graph                  ciclo
     000055C5  __basic_paper                      ciclo
     000055D2  __basic_plot                       ciclo
     000055E9  __basic_move                       ciclo
     00005600  __basic_draw                       ciclo
     00005617  _main                              ciclo
     000059DE  _CHAR_CR                           ciclo
     000059E0  _rutina_colision                   ciclo
     00005AC9  _abs                               
     00005AD5  _strlen                            
     00005AE4  __modschar                         
     00005AF1  __modsint                          
     00005AFD  __moduchar                         
     00005B09  __moduint                          
     00005B14  __divsint                          
ASxxxx Linker V03.00 + NoICE + sdld,  page 4.
Hexadecimal  [32-Bits]

Area                                    Addr        Size        Decimal Bytes (Attributes)
--------------------------------        ----        ----        ------- ----- ------------
_CODE                               00004E20    00000D7D =        3453. bytes (REL,CON)

      Value  Global                              Global Defined In Module
      -----  --------------------------------   ------------------------
     00005B1D  __divschar                         
     00005B24  __div8                             
     00005B28  __div_signexte                     
     00005B2C  __div16                            
     00005B52  __get_remainder                    
     00005B5C  __divuint                          
     00005B64  __divuchar                         
     00005B6B  __divu8                            
     00005B6E  __divu16                           

ASxxxx Linker V03.00 + NoICE + sdld,  page 5.
Hexadecimal  [32-Bits]

Area                                    Addr        Size        Decimal Bytes (Attributes)
--------------------------------        ----        ----        ------- ----- ------------
_DATA                               00005B9D    0000002E =          46. bytes (REL,CON)

      Value  Global                              Global Defined In Module
      -----  --------------------------------   ------------------------
     00005B9D  __8BP_rink_N_color1                ciclo
     00005B9E  __8BP_rink_N_inverse_list          ciclo

ASxxxx Linker V03.00 + NoICE + sdld,  page 6.
Hexadecimal  [32-Bits]

Area                                    Addr        Size        Decimal Bytes (Attributes)
--------------------------------        ----        ----        ------- ----- ------------
_INITIALIZED                        00005BCB    0000001E =          30. bytes (REL,CON)

      Value  Global                              Global Defined In Module
      -----  --------------------------------   ------------------------
     00005BCB  __basic_rnd_x                      ciclo
     00005BCD  _c                                 ciclo
     00005BCF  _last                              ciclo
     00005BD1  _sp                                ciclo
     00005BD3  _x                                 ciclo
     00005BD5  _y                                 ciclo
     00005BD7  _e                                 ciclo
     00005BD9  _ex                                ciclo
     00005BDB  _cor                               ciclo
     00005BDD  _cod                               ciclo
     00005BDF  _rescol                            ciclo
     00005BE1  _puntos                            ciclo
     00005BE3  _vidas                             ciclo
     00005BE5  _puntos_str                        ciclo
     00005BE7  _ruta                              ciclo
ASxxxx Linker V03.00 + NoICE + sdld,  page 7.
Hexadecimal  [32-Bits]

Area                                    Addr        Size        Decimal Bytes (Attributes)
--------------------------------        ----        ----        ------- ----- ------------
_GSINIT                             00005BE9    00000037 =          55. bytes (REL,CON)

      Value  Global                              Global Defined In Module
      -----  --------------------------------   ------------------------
ASxxxx Linker V03.00 + NoICE + sdld,  page 8.
Hexadecimal  [32-Bits]

Area                                    Addr        Size        Decimal Bytes (Attributes)
--------------------------------        ----        ----        ------- ----- ------------
_INITIALIZER                        00005C20    0000001E =          30. bytes (REL,CON)

      Value  Global                              Global Defined In Module
      -----  --------------------------------   ------------------------
ASxxxx Linker V03.00 + NoICE + sdld,  page 9.

Files Linked                              [ module(s) ]

output\ciclo.rel                          [ ciclo ]


Libraries Linked                          [ object file ]

C:\Program Files (x86)\SDCC\bin\..\lib\z80/z80.lib
                                          [ abs.rel ]
C:\Program Files (x86)\SDCC\bin\..\lib\z80/z80.lib
                                          [ strlen.rel ]
C:\Program Files (x86)\SDCC\bin\..\lib\z80/z80.lib
                                          [ modsigned.rel ]
C:\Program Files (x86)\SDCC\bin\..\lib\z80/z80.lib
                                          [ modunsigned.rel ]
C:\Program Files (x86)\SDCC\bin\..\lib\z80/z80.lib
                                          [ divsigned.rel ]
C:\Program Files (x86)\SDCC\bin\..\lib\z80/z80.lib
                                          [ divunsigned.rel ]

ASxxxx Linker V03.00 + NoICE + sdld,  page 10.

User Base Address Definitions

_CODE = 0x4e20
_DATA = 0x0000

